------------------------------------------------------------
Timing Analyzer Summary
------------------------------------------------------------

Type  : Slow 1100mV 85C Model Setup 'clock'
Slack : -6.223
TNS   : -123.724

Type  : Slow 1100mV 85C Model Setup 'clock_converter:comb_5|clock_1Hz'
Slack : -2.078
TNS   : -38.224

Type  : Slow 1100mV 85C Model Hold 'clock'
Slack : 0.470
TNS   : 0.000

Type  : Slow 1100mV 85C Model Hold 'clock_converter:comb_5|clock_1Hz'
Slack : 0.917
TNS   : 0.000

Type  : Slow 1100mV 85C Model Minimum Pulse Width 'clock'
Slack : -0.394
TNS   : -15.416

Type  : Slow 1100mV 85C Model Minimum Pulse Width 'clock_converter:comb_5|clock_1Hz'
Slack : -0.394
TNS   : -12.408

Type  : Slow 1100mV 0C Model Setup 'clock'
Slack : -6.499
TNS   : -124.944

Type  : Slow 1100mV 0C Model Setup 'clock_converter:comb_5|clock_1Hz'
Slack : -2.026
TNS   : -37.771

Type  : Slow 1100mV 0C Model Hold 'clock'
Slack : 0.455
TNS   : 0.000

Type  : Slow 1100mV 0C Model Hold 'clock_converter:comb_5|clock_1Hz'
Slack : 0.881
TNS   : 0.000

Type  : Slow 1100mV 0C Model Minimum Pulse Width 'clock'
Slack : -0.407
TNS   : -17.002

Type  : Slow 1100mV 0C Model Minimum Pulse Width 'clock_converter:comb_5|clock_1Hz'
Slack : -0.394
TNS   : -12.279

Type  : Fast 1100mV 85C Model Setup 'clock'
Slack : -3.708
TNS   : -57.674

Type  : Fast 1100mV 85C Model Setup 'clock_converter:comb_5|clock_1Hz'
Slack : -1.058
TNS   : -17.237

Type  : Fast 1100mV 85C Model Hold 'clock'
Slack : 0.260
TNS   : 0.000

Type  : Fast 1100mV 85C Model Hold 'clock_converter:comb_5|clock_1Hz'
Slack : 0.462
TNS   : 0.000

Type  : Fast 1100mV 85C Model Minimum Pulse Width 'clock'
Slack : -0.441
TNS   : -2.725

Type  : Fast 1100mV 85C Model Minimum Pulse Width 'clock_converter:comb_5|clock_1Hz'
Slack : 0.076
TNS   : 0.000

Type  : Fast 1100mV 0C Model Setup 'clock'
Slack : -3.152
TNS   : -51.783

Type  : Fast 1100mV 0C Model Setup 'clock_converter:comb_5|clock_1Hz'
Slack : -0.896
TNS   : -14.649

Type  : Fast 1100mV 0C Model Hold 'clock'
Slack : 0.240
TNS   : 0.000

Type  : Fast 1100mV 0C Model Hold 'clock_converter:comb_5|clock_1Hz'
Slack : 0.403
TNS   : 0.000

Type  : Fast 1100mV 0C Model Minimum Pulse Width 'clock'
Slack : -0.447
TNS   : -2.729

Type  : Fast 1100mV 0C Model Minimum Pulse Width 'clock_converter:comb_5|clock_1Hz'
Slack : 0.090
TNS   : 0.000

------------------------------------------------------------
