------------------------------------------------------------
Timing Analyzer Summary
------------------------------------------------------------

Type  : Slow 1100mV 85C Model Setup 'clock_counter:comb_10|sec[0]'
Slack : -27.654
TNS   : -364.042

Type  : Slow 1100mV 85C Model Setup 'clock_converter_fast:comb_9|clock_fast'
Slack : -24.526
TNS   : -674.686

Type  : Slow 1100mV 85C Model Setup 'internal_clock'
Slack : -5.129
TNS   : -207.102

Type  : Slow 1100mV 85C Model Setup 'clock_converter:comb_8|clock_1s'
Slack : -3.852
TNS   : -61.805

Type  : Slow 1100mV 85C Model Hold 'clock_counter:comb_10|sec[0]'
Slack : -15.153
TNS   : -197.030

Type  : Slow 1100mV 85C Model Hold 'internal_clock'
Slack : -1.766
TNS   : -3.441

Type  : Slow 1100mV 85C Model Hold 'clock_converter_fast:comb_9|clock_fast'
Slack : -1.680
TNS   : -9.968

Type  : Slow 1100mV 85C Model Hold 'clock_converter:comb_8|clock_1s'
Slack : 0.310
TNS   : 0.000

Type  : Slow 1100mV 85C Model Minimum Pulse Width 'clock_counter:comb_10|sec[0]'
Slack : -13.463
TNS   : -12404.970

Type  : Slow 1100mV 85C Model Minimum Pulse Width 'clock_converter_fast:comb_9|clock_fast'
Slack : -0.660
TNS   : -76.052

Type  : Slow 1100mV 85C Model Minimum Pulse Width 'internal_clock'
Slack : -0.468
TNS   : -39.003

Type  : Slow 1100mV 85C Model Minimum Pulse Width 'clock_converter:comb_8|clock_1s'
Slack : -0.394
TNS   : -11.609

Type  : Slow 1100mV 0C Model Setup 'clock_counter:comb_10|sec[0]'
Slack : -27.581
TNS   : -362.616

Type  : Slow 1100mV 0C Model Setup 'clock_converter_fast:comb_9|clock_fast'
Slack : -25.172
TNS   : -691.490

Type  : Slow 1100mV 0C Model Setup 'internal_clock'
Slack : -5.198
TNS   : -201.257

Type  : Slow 1100mV 0C Model Setup 'clock_converter:comb_8|clock_1s'
Slack : -3.644
TNS   : -59.293

Type  : Slow 1100mV 0C Model Hold 'clock_counter:comb_10|sec[0]'
Slack : -15.963
TNS   : -204.951

Type  : Slow 1100mV 0C Model Hold 'internal_clock'
Slack : -1.766
TNS   : -3.428

Type  : Slow 1100mV 0C Model Hold 'clock_converter_fast:comb_9|clock_fast'
Slack : -1.731
TNS   : -10.852

Type  : Slow 1100mV 0C Model Hold 'clock_converter:comb_8|clock_1s'
Slack : 0.329
TNS   : 0.000

Type  : Slow 1100mV 0C Model Minimum Pulse Width 'clock_counter:comb_10|sec[0]'
Slack : -14.110
TNS   : -12909.875

Type  : Slow 1100mV 0C Model Minimum Pulse Width 'clock_converter_fast:comb_9|clock_fast'
Slack : -0.733
TNS   : -77.487

Type  : Slow 1100mV 0C Model Minimum Pulse Width 'internal_clock'
Slack : -0.484
TNS   : -42.390

Type  : Slow 1100mV 0C Model Minimum Pulse Width 'clock_converter:comb_8|clock_1s'
Slack : -0.394
TNS   : -11.474

Type  : Fast 1100mV 85C Model Setup 'clock_counter:comb_10|sec[0]'
Slack : -16.829
TNS   : -222.478

Type  : Fast 1100mV 85C Model Setup 'clock_converter_fast:comb_9|clock_fast'
Slack : -13.003
TNS   : -357.646

Type  : Fast 1100mV 85C Model Setup 'internal_clock'
Slack : -3.036
TNS   : -93.321

Type  : Fast 1100mV 85C Model Setup 'clock_converter:comb_8|clock_1s'
Slack : -2.185
TNS   : -33.400

Type  : Fast 1100mV 85C Model Hold 'clock_counter:comb_10|sec[0]'
Slack : -7.916
TNS   : -105.233

Type  : Fast 1100mV 85C Model Hold 'clock_converter_fast:comb_9|clock_fast'
Slack : -1.056
TNS   : -5.507

Type  : Fast 1100mV 85C Model Hold 'internal_clock'
Slack : -0.967
TNS   : -1.852

Type  : Fast 1100mV 85C Model Hold 'clock_converter:comb_8|clock_1s'
Slack : -0.061
TNS   : -0.288

Type  : Fast 1100mV 85C Model Minimum Pulse Width 'clock_counter:comb_10|sec[0]'
Slack : -7.090
TNS   : -5974.788

Type  : Fast 1100mV 85C Model Minimum Pulse Width 'internal_clock'
Slack : -0.488
TNS   : -7.581

Type  : Fast 1100mV 85C Model Minimum Pulse Width 'clock_converter_fast:comb_9|clock_fast'
Slack : -0.376
TNS   : -19.332

Type  : Fast 1100mV 85C Model Minimum Pulse Width 'clock_converter:comb_8|clock_1s'
Slack : -0.101
TNS   : -0.547

Type  : Fast 1100mV 0C Model Setup 'clock_counter:comb_10|sec[0]'
Slack : -15.210
TNS   : -200.935

Type  : Fast 1100mV 0C Model Setup 'clock_converter_fast:comb_9|clock_fast'
Slack : -12.202
TNS   : -334.585

Type  : Fast 1100mV 0C Model Setup 'internal_clock'
Slack : -2.748
TNS   : -80.368

Type  : Fast 1100mV 0C Model Setup 'clock_converter:comb_8|clock_1s'
Slack : -1.879
TNS   : -28.997

Type  : Fast 1100mV 0C Model Hold 'clock_counter:comb_10|sec[0]'
Slack : -7.409
TNS   : -98.560

Type  : Fast 1100mV 0C Model Hold 'internal_clock'
Slack : -1.023
TNS   : -1.955

Type  : Fast 1100mV 0C Model Hold 'clock_converter_fast:comb_9|clock_fast'
Slack : -0.873
TNS   : -4.920

Type  : Fast 1100mV 0C Model Hold 'clock_converter:comb_8|clock_1s'
Slack : -0.072
TNS   : -0.410

Type  : Fast 1100mV 0C Model Minimum Pulse Width 'clock_counter:comb_10|sec[0]'
Slack : -6.603
TNS   : -5599.470

Type  : Fast 1100mV 0C Model Minimum Pulse Width 'internal_clock'
Slack : -0.481
TNS   : -7.569

Type  : Fast 1100mV 0C Model Minimum Pulse Width 'clock_converter_fast:comb_9|clock_fast'
Slack : -0.248
TNS   : -10.783

Type  : Fast 1100mV 0C Model Minimum Pulse Width 'clock_converter:comb_8|clock_1s'
Slack : -0.046
TNS   : -0.192

------------------------------------------------------------
