------------------------------------------------------------
Timing Analyzer Summary
------------------------------------------------------------

Type  : Slow 1100mV 85C Model Setup 'internal_clock'
Slack : -5.501
TNS   : -82.079

Type  : Slow 1100mV 85C Model Hold 'internal_clock'
Slack : 0.376
TNS   : 0.000

Type  : Slow 1100mV 85C Model Minimum Pulse Width 'internal_clock'
Slack : -0.394
TNS   : -17.315

Type  : Slow 1100mV 85C Model Minimum Pulse Width 'clock_converter:comb_3|clock_1s'
Slack : -0.394
TNS   : -0.509

Type  : Slow 1100mV 0C Model Setup 'internal_clock'
Slack : -5.576
TNS   : -80.867

Type  : Slow 1100mV 0C Model Hold 'internal_clock'
Slack : 0.377
TNS   : 0.000

Type  : Slow 1100mV 0C Model Minimum Pulse Width 'internal_clock'
Slack : -0.394
TNS   : -18.611

Type  : Slow 1100mV 0C Model Minimum Pulse Width 'clock_converter:comb_3|clock_1s'
Slack : -0.394
TNS   : -0.512

Type  : Fast 1100mV 85C Model Setup 'internal_clock'
Slack : -3.613
TNS   : -34.609

Type  : Fast 1100mV 85C Model Hold 'internal_clock'
Slack : 0.199
TNS   : 0.000

Type  : Fast 1100mV 85C Model Minimum Pulse Width 'internal_clock'
Slack : -0.368
TNS   : -3.277

Type  : Fast 1100mV 85C Model Minimum Pulse Width 'clock_converter:comb_3|clock_1s'
Slack : 0.142
TNS   : 0.000

Type  : Fast 1100mV 0C Model Setup 'internal_clock'
Slack : -3.013
TNS   : -29.973

Type  : Fast 1100mV 0C Model Hold 'internal_clock'
Slack : 0.189
TNS   : 0.000

Type  : Fast 1100mV 0C Model Minimum Pulse Width 'internal_clock'
Slack : -0.380
TNS   : -3.222

Type  : Fast 1100mV 0C Model Minimum Pulse Width 'clock_converter:comb_3|clock_1s'
Slack : 0.144
TNS   : 0.000

------------------------------------------------------------
